// Vitest Snapshot v1, https://vitest.dev/guide/snapshot.html

exports[`MultipleUpload > should render File input 1`] = `"<input id="inputField1" type="file" class="hidden">"`;
